// Jest Snapshot v1, https://goo.gl/fbAQLP

exports[`HOC - WithPageTitle will renders 1`] = `<MockComponent />`;
