// Jest Snapshot v1, https://goo.gl/fbAQLP

exports[`App component render 1`] = `
<div
  className="container"
>
  <div
    className="row"
  >
    <div
      className="col-xs-12 col-md-8"
    >
      <Memo(wrappedComponent) />
    </div>
  </div>
</div>
`;
